// Jest Snapshot v1, https://goo.gl/fbAQLP

exports[`The disalog should be visible Render PopUp Properly 1`] = `""`;
